// Jest Snapshot v1, https://goo.gl/fbAQLP

exports[`withShowMoreButton does not render ShowMoreButton when not needed 1`] = `
<div>
  
</div>
`;

exports[`withShowMoreButton renders ShowMoreButton correctly 1`] = `
<div>
  <div
    className="catalog__more"
  >
    <button
      className="catalog__button"
      onClick={[Function]}
      type="button"
    >
      Show more
    </button>
  </div>
</div>
`;
