// Jest Snapshot v1, https://goo.gl/fbAQLP

exports[`Reviews renders correctly 1`] = `
<div
  className="movie-card__reviews movie-card__row"
>
  <div
    className="movie-card__reviews-col"
  >
    <div
      className="review"
    >
      <blockquote
        className="review__quote"
      >
        <p
          className="review__text"
        >
          I don't know what to say but I can't help posting
        </p>
        <footer
          className="review__details"
        >
          <cite
            className="review__author"
          >
            Courtney Cox
          </cite>
          <time
            className="review__date"
            dateTime="2020-08-02T21:00:00.000Z"
          >
            August 3, 2020
          </time>
        </footer>
      </blockquote>
      <div
        className="review__rating"
      >
        5,1
      </div>
    </div>
    <div
      className="review"
    >
      <blockquote
        className="review__quote"
      >
        <p
          className="review__text"
        >
          This is not a movie of a simple kind
        </p>
        <footer
          className="review__details"
        >
          <cite
            className="review__author"
          >
            Mockingbird
          </cite>
          <time
            className="review__date"
            dateTime="2020-07-14T21:00:00.000Z"
          >
            July 15, 2020
          </time>
        </footer>
      </blockquote>
      <div
        className="review__rating"
      >
        8,3
      </div>
    </div>
  </div>
  <div
    className="movie-card__reviews-col"
  >
    <div
      className="review"
    >
      <blockquote
        className="review__quote"
      >
        <p
          className="review__text"
        >
          Super mega exquisitely boring
        </p>
        <footer
          className="review__details"
        >
          <cite
            className="review__author"
          >
            Pelagia
          </cite>
          <time
            className="review__date"
            dateTime="2020-05-31T21:00:00.000Z"
          >
            June 1, 2020
          </time>
        </footer>
      </blockquote>
      <div
        className="review__rating"
      >
        1,5
      </div>
    </div>
  </div>
</div>
`;
